// Jest Snapshot v1, https://goo.gl/fbAQLP

exports[`ProgressBar leeching 1`] = `
<div
  className="undefined undefined"
>
  <progress
    max="100"
    value={50}
  />
</div>
`;

exports[`ProgressBar magnet 1`] = `
<div
  className="undefined undefined"
>
  <progress
    max="100"
    value={50}
  />
</div>
`;

exports[`ProgressBar paused 1`] = `
<div
  className="undefined undefined"
>
  <progress
    max="100"
    value={50}
  />
</div>
`;

exports[`ProgressBar seeding 1`] = `
<div
  className="undefined undefined"
>
  <progress
    max="100"
    value={50}
  />
</div>
`;
